// Jest Snapshot v1, https://goo.gl/fbAQLP

exports[`ResizeWidthHandle matches snapshot 1`] = `
<div>
  <div
    class="resize-handle resize-width-handle"
  >
    <div />
  </div>
</div>
`;
